

Microchip MPLAB XC8 Assembler V3.10 build 20250813170317 
                                                                                               Tue Nov 25 13:14:47 2025

Microchip MPLAB XC8 C Compiler v3.10 (Free license) build 20250813170317 Og1 
     1                           	processor	16F877A
     2                           	pagewidth 120
     3                           	opt	flic
     4                           	psect	cinit,global,class=CODE,space=0,merge=1,delta=2
     5                           	psect	cstackCOMMON,global,class=COMMON,space=1,delta=1,noexec
     6                           	psect	cstackBANK0,global,class=BANK0,space=1,delta=1,noexec
     7                           	psect	maintext,global,class=CODE,space=0,split=1,delta=2
     8                           	psect	text1,local,class=CODE,space=0,merge=1,delta=2
     9                           	psect	text2,local,class=CODE,space=0,merge=1,delta=2,group=1
    10                           	psect	text3,local,class=CODE,space=0,merge=1,delta=2,group=1
    11                           	psect	text4,local,class=CODE,space=0,merge=1,delta=2
    12                           	psect	text5,local,class=CODE,space=0,merge=1,delta=2
    13                           	psect	text6,local,class=CODE,space=0,merge=1,delta=2
    14                           	psect	config,global,abs,ovrld,class=CONFIG,space=4,delta=2,noexec
    15                           	dabs	1,0x7E,2
    16     0000                     
    17                           ; Generated 12/10/2023 GMT
    18                           ; 
    19                           ; Copyright © 2023, Microchip Technology Inc. and its subsidiaries ("Microchip")
    20                           ; All rights reserved.
    21                           ; 
    22                           ; This software is developed by Microchip Technology Inc. and its subsidiaries ("Microch
      +                          ip").
    23                           ; 
    24                           ; Redistribution and use in source and binary forms, with or without modification, are
    25                           ; permitted provided that the following conditions are met:
    26                           ; 
    27                           ;     1. Redistributions of source code must retain the above copyright notice, this lis
      +                          t of
    28                           ;        conditions and the following disclaimer.
    29                           ; 
    30                           ;     2. Redistributions in binary form must reproduce the above copyright notice, this 
      +                          list
    31                           ;        of conditions and the following disclaimer in the documentation and/or other
    32                           ;        materials provided with the distribution. Publication is not required when
    33                           ;        this file is used in an embedded application.
    34                           ; 
    35                           ;     3. Microchip's name may not be used to endorse or promote products derived from th
      +                          is
    36                           ;        software without specific prior written permission.
    37                           ; 
    38                           ; THIS SOFTWARE IS PROVIDED BY MICROCHIP "AS IS" AND ANY EXPRESS OR IMPLIED WARRANTIES,
    39                           ; INCLUDING, BUT NOT LIMITED TO, THE IMPLIED WARRANTIES OF MERCHANTABILITY AND FITNESS F
      +                          OR
    40                           ; PURPOSE ARE DISCLAIMED.  IN NO EVENT SHALL MICROCHIP BE LIABLE FOR ANY DIRECT, INDIREC
      +                          T,
    41                           ; INCIDENTAL, SPECIAL, EXEMPLARY, OR CONSEQUENTIAL DAMAGES (INCLUDING BUT NOT LIMITED TO
    42                           ; PROCUREMENT OF SUBSTITUTE GOODS OR SERVICES; LOSS OF USE, DATA OR PROFITS; OR BUSINESS
    43                           ; INTERRUPTION) HOWSOEVER CAUSED AND ON ANY THEORY OF LIABILITY, WHETHER IN CONTRACT, ST
      +                          RICT
    44                           ; LIABILITY, OR TORT (INCLUDING NEGLIGENCE OR OTHERWISE) ARISING IN ANY WAY OUT OF THE U
      +                          SE OF
    45                           ; THIS SOFTWARE, EVEN IF ADVISED OF THE POSSIBILITY OF SUCH DAMAGE.
    46                           ; 
    47                           ; 
    48                           ; Code-generator required, PIC16F877A Definitions
    49                           ; 
    50                           ; SFR Addresses
    51     0004                     fsr             equ	4
    52     0004                     fsr0            equ	4
    53     0000                     indf            equ	0
    54     0000                     indf0           equ	0
    55     0002                     pc              equ	2
    56     0002                     pcl             equ	2
    57     000A                     pclath          equ	10
    58     0003                     status          equ	3
    59     0000                     INDF            equ	0	;# 
    60     0001                     TMR0            equ	1	;# 
    61     0002                     PCL             equ	2	;# 
    62     0003                     STATUS          equ	3	;# 
    63     0004                     FSR             equ	4	;# 
    64     0005                     PORTA           equ	5	;# 
    65     0006                     PORTB           equ	6	;# 
    66     0007                     PORTC           equ	7	;# 
    67     0008                     PORTD           equ	8	;# 
    68     0009                     PORTE           equ	9	;# 
    69     000A                     PCLATH          equ	10	;# 
    70     000B                     INTCON          equ	11	;# 
    71     000C                     PIR1            equ	12	;# 
    72     000D                     PIR2            equ	13	;# 
    73     000E                     TMR1            equ	14	;# 
    74     000E                     TMR1L           equ	14	;# 
    75     000F                     TMR1H           equ	15	;# 
    76     0010                     T1CON           equ	16	;# 
    77     0011                     TMR2            equ	17	;# 
    78     0012                     T2CON           equ	18	;# 
    79     0013                     SSPBUF          equ	19	;# 
    80     0014                     SSPCON          equ	20	;# 
    81     0015                     CCPR1           equ	21	;# 
    82     0015                     CCPR1L          equ	21	;# 
    83     0016                     CCPR1H          equ	22	;# 
    84     0017                     CCP1CON         equ	23	;# 
    85     0018                     RCSTA           equ	24	;# 
    86     0019                     TXREG           equ	25	;# 
    87     001A                     RCREG           equ	26	;# 
    88     001B                     CCPR2           equ	27	;# 
    89     001B                     CCPR2L          equ	27	;# 
    90     001C                     CCPR2H          equ	28	;# 
    91     001D                     CCP2CON         equ	29	;# 
    92     001E                     ADRESH          equ	30	;# 
    93     001F                     ADCON0          equ	31	;# 
    94     0081                     OPTION_REG      equ	129	;# 
    95     0085                     TRISA           equ	133	;# 
    96     0086                     TRISB           equ	134	;# 
    97     0087                     TRISC           equ	135	;# 
    98     0088                     TRISD           equ	136	;# 
    99     0089                     TRISE           equ	137	;# 
   100     008C                     PIE1            equ	140	;# 
   101     008D                     PIE2            equ	141	;# 
   102     008E                     PCON            equ	142	;# 
   103     0091                     SSPCON2         equ	145	;# 
   104     0092                     PR2             equ	146	;# 
   105     0093                     SSPADD          equ	147	;# 
   106     0094                     SSPSTAT         equ	148	;# 
   107     0098                     TXSTA           equ	152	;# 
   108     0099                     SPBRG           equ	153	;# 
   109     009C                     CMCON           equ	156	;# 
   110     009D                     CVRCON          equ	157	;# 
   111     009E                     ADRESL          equ	158	;# 
   112     009F                     ADCON1          equ	159	;# 
   113     010C                     EEDATA          equ	268	;# 
   114     010D                     EEADR           equ	269	;# 
   115     010E                     EEDATH          equ	270	;# 
   116     010F                     EEADRH          equ	271	;# 
   117     018C                     EECON1          equ	396	;# 
   118     018D                     EECON2          equ	397	;# 
   119     0000                     INDF            equ	0	;# 
   120     0001                     TMR0            equ	1	;# 
   121     0002                     PCL             equ	2	;# 
   122     0003                     STATUS          equ	3	;# 
   123     0004                     FSR             equ	4	;# 
   124     0005                     PORTA           equ	5	;# 
   125     0006                     PORTB           equ	6	;# 
   126     0007                     PORTC           equ	7	;# 
   127     0008                     PORTD           equ	8	;# 
   128     0009                     PORTE           equ	9	;# 
   129     000A                     PCLATH          equ	10	;# 
   130     000B                     INTCON          equ	11	;# 
   131     000C                     PIR1            equ	12	;# 
   132     000D                     PIR2            equ	13	;# 
   133     000E                     TMR1            equ	14	;# 
   134     000E                     TMR1L           equ	14	;# 
   135     000F                     TMR1H           equ	15	;# 
   136     0010                     T1CON           equ	16	;# 
   137     0011                     TMR2            equ	17	;# 
   138     0012                     T2CON           equ	18	;# 
   139     0013                     SSPBUF          equ	19	;# 
   140     0014                     SSPCON          equ	20	;# 
   141     0015                     CCPR1           equ	21	;# 
   142     0015                     CCPR1L          equ	21	;# 
   143     0016                     CCPR1H          equ	22	;# 
   144     0017                     CCP1CON         equ	23	;# 
   145     0018                     RCSTA           equ	24	;# 
   146     0019                     TXREG           equ	25	;# 
   147     001A                     RCREG           equ	26	;# 
   148     001B                     CCPR2           equ	27	;# 
   149     001B                     CCPR2L          equ	27	;# 
   150     001C                     CCPR2H          equ	28	;# 
   151     001D                     CCP2CON         equ	29	;# 
   152     001E                     ADRESH          equ	30	;# 
   153     001F                     ADCON0          equ	31	;# 
   154     0081                     OPTION_REG      equ	129	;# 
   155     0085                     TRISA           equ	133	;# 
   156     0086                     TRISB           equ	134	;# 
   157     0087                     TRISC           equ	135	;# 
   158     0088                     TRISD           equ	136	;# 
   159     0089                     TRISE           equ	137	;# 
   160     008C                     PIE1            equ	140	;# 
   161     008D                     PIE2            equ	141	;# 
   162     008E                     PCON            equ	142	;# 
   163     0091                     SSPCON2         equ	145	;# 
   164     0092                     PR2             equ	146	;# 
   165     0093                     SSPADD          equ	147	;# 
   166     0094                     SSPSTAT         equ	148	;# 
   167     0098                     TXSTA           equ	152	;# 
   168     0099                     SPBRG           equ	153	;# 
   169     009C                     CMCON           equ	156	;# 
   170     009D                     CVRCON          equ	157	;# 
   171     009E                     ADRESL          equ	158	;# 
   172     009F                     ADCON1          equ	159	;# 
   173     010C                     EEDATA          equ	268	;# 
   174     010D                     EEADR           equ	269	;# 
   175     010E                     EEDATH          equ	270	;# 
   176     010F                     EEADRH          equ	271	;# 
   177     018C                     EECON1          equ	396	;# 
   178     018D                     EECON2          equ	397	;# 
   179     0005                     _PORTA          set	5
   180     0006                     _PORTBbits      set	6
   181     0017                     _CCP1CONbits    set	23
   182     0012                     _T2CON          set	18
   183     0015                     _CCPR1L         set	21
   184     0017                     _CCP1CON        set	23
   185     001E                     _ADRESH         set	30
   186     001F                     _ADCON0bits     set	31
   187     001F                     _ADCON0         set	31
   188     0085                     _TRISAbits      set	133
   189     0085                     _TRISA          set	133
   190     0086                     _TRISB          set	134
   191     0087                     _TRISCbits      set	135
   192     009E                     _ADRESL         set	158
   193     009F                     _ADCON1         set	159
   194     0092                     _PR2            set	146
   195                           
   196                           	psect	cinit
   197     07FC                     start_initialization:	
   198                           ; #config settings
   199                           
   200     07FC                     __initialization:
   201     07FC                     end_of_initialization:	
   202                           ;End of C runtime variable initialization code
   203                           
   204     07FC                     __end_of__initialization:
   205     07FC  0183               	clrf	3
   206     07FD  120A  118A  2E61   	ljmp	_main	;jump to C main() function
   207                           
   208                           	psect	cstackCOMMON
   209     0070                     __pcstackCOMMON:
   210     0070                     ?_adc_init:
   211     0070                     ?_pwm_init:	
   212                           ; 1 bytes @ 0x0
   213                           
   214     0070                     ?_main:	
   215                           ; 1 bytes @ 0x0
   216                           
   217     0070                     ?_adc_read:	
   218                           ; 1 bytes @ 0x0
   219                           
   220     0070                     ?___lmul:	
   221                           ; 2 bytes @ 0x0
   222                           
   223     0070                     ___lmul@multiplier:	
   224                           ; 4 bytes @ 0x0
   225                           
   226     0070                     ??_adc_init:	
   227                           ; 4 bytes @ 0x0
   228                           
   229     0070                     ??_pwm_init:	
   230                           ; 1 bytes @ 0x0
   231                           
   232                           
   233                           ; 1 bytes @ 0x0
   234     0070                     	ds	2
   235     0072                     ??_adc_read:
   236                           
   237                           ; 1 bytes @ 0x2
   238     0072                     	ds	2
   239     0074                     adc_read@channel:
   240     0074                     ___lmul@multiplicand:	
   241                           ; 1 bytes @ 0x4
   242                           
   243                           
   244                           ; 4 bytes @ 0x4
   245     0074                     	ds	4
   246     0078                     ??___lmul:
   247                           
   248                           ; 1 bytes @ 0x8
   249     0078                     	ds	1
   250     0079                     ___lmul@product:
   251                           
   252                           ; 4 bytes @ 0x9
   253     0079                     	ds	4
   254     007D                     ??___lldiv:
   255                           
   256                           ; 1 bytes @ 0xD
   257     007D                     	ds	1
   258                           
   259                           	psect	cstackBANK0
   260     0020                     __pcstackBANK0:
   261     0020                     ?___lldiv:
   262     0020                     ___lldiv@divisor:	
   263                           ; 4 bytes @ 0x0
   264                           
   265                           
   266                           ; 4 bytes @ 0x0
   267     0020                     	ds	4
   268     0024                     ___lldiv@dividend:
   269                           
   270                           ; 4 bytes @ 0x4
   271     0024                     	ds	4
   272     0028                     ___lldiv@quotient:
   273                           
   274                           ; 4 bytes @ 0x8
   275     0028                     	ds	4
   276     002C                     ___lldiv@counter:
   277                           
   278                           ; 1 bytes @ 0xC
   279     002C                     	ds	1
   280     002D                     ?_set_pwm_from_adc:
   281     002D                     set_pwm_from_adc@adc_value:	
   282                           ; 1 bytes @ 0xD
   283                           
   284                           
   285                           ; 2 bytes @ 0xD
   286     002D                     	ds	2
   287     002F                     ??_set_pwm_from_adc:
   288                           
   289                           ; 1 bytes @ 0xF
   290     002F                     	ds	4
   291     0033                     set_pwm_from_adc@temp:
   292                           
   293                           ; 4 bytes @ 0x13
   294     0033                     	ds	4
   295     0037                     set_pwm_from_adc@max_counts:
   296                           
   297                           ; 2 bytes @ 0x17
   298     0037                     	ds	2
   299     0039                     set_pwm_from_adc@percent:
   300                           
   301                           ; 1 bytes @ 0x19
   302     0039                     	ds	1
   303     003A                     set_pwm_from_adc@dc:
   304                           
   305                           ; 2 bytes @ 0x1A
   306     003A                     	ds	2
   307     003C                     ??_main:
   308                           
   309                           ; 1 bytes @ 0x1C
   310     003C                     	ds	2
   311     003E                     main@pot_value:
   312                           
   313                           ; 2 bytes @ 0x1E
   314     003E                     	ds	2
   315                           
   316                           	psect	maintext
   317     0661                     __pmaintext:	
   318 ;;
   319 ;;Main: autosize = 0, tempsize = 2, incstack = 0, save=0
   320 ;;
   321 ;; *************** function _main *****************
   322 ;; Defined at:
   323 ;;		line 72 in file "MOTOR.c"
   324 ;; Parameters:    Size  Location     Type
   325 ;;		None
   326 ;; Auto vars:     Size  Location     Type
   327 ;;  pot_value       2   30[BANK0 ] unsigned int 
   328 ;; Return value:  Size  Location     Type
   329 ;;                  1    wreg      void 
   330 ;; Registers used:
   331 ;;		wreg, status,2, status,0, pclath, cstack
   332 ;; Tracked objects:
   333 ;;		On entry : B00/0
   334 ;;		On exit  : 0/0
   335 ;;		Unchanged: 0/0
   336 ;; Data sizes:     COMMON   BANK0   BANK1   BANK3   BANK2
   337 ;;      Params:         0       0       0       0       0
   338 ;;      Locals:         0       2       0       0       0
   339 ;;      Temps:          0       2       0       0       0
   340 ;;      Totals:         0       4       0       0       0
   341 ;;Total ram usage:        4 bytes
   342 ;; Hardware stack levels required when called: 2
   343 ;; This function calls:
   344 ;;		_adc_init
   345 ;;		_adc_read
   346 ;;		_pwm_init
   347 ;;		_set_pwm_from_adc
   348 ;; This function is called by:
   349 ;;		Startup code after reset
   350 ;; This function uses a non-reentrant model
   351 ;;
   352                           
   353     0661                     _main:	
   354                           ;psect for function _main
   355                           
   356     0661                     l757:	
   357                           ;incstack = 0
   358                           ; Regs used in _main: [wreg+status,2+status,0+pclath+cstack]
   359                           
   360                           
   361                           ;MOTOR.c: 73:     TRISB = 0xFF;
   362     0661  30FF               	movlw	255
   363     0662  1683               	bsf	3,5	;RP0=1, select bank1
   364     0663  1303               	bcf	3,6	;RP1=0, select bank1
   365     0664  0086               	movwf	6	;volatile
   366     0665                     l759:
   367                           
   368                           ;MOTOR.c: 74:     TRISA = 0x00;
   369     0665  0185               	clrf	5	;volatile
   370     0666                     l761:
   371                           
   372                           ;MOTOR.c: 77:     TRISAbits.TRISA2 = 1;
   373     0666  1505               	bsf	5,2	;volatile
   374     0667                     l763:
   375                           
   376                           ;MOTOR.c: 79:     pwm_init();
   377     0667  120A  118A  2628  120A  118A  	fcall	_pwm_init
   378     066C                     l765:
   379                           
   380                           ;MOTOR.c: 80:     adc_init();
   381     066C  120A  118A  261F  120A  118A  	fcall	_adc_init
   382     0671                     l767:
   383                           
   384                           ;MOTOR.c: 86:         if(PORTBbits.RB0 == 1){
   385     0671  1283               	bcf	3,5	;RP0=0, select bank0
   386     0672  1303               	bcf	3,6	;RP1=0, select bank0
   387     0673  1C06               	btfss	6,0	;volatile
   388     0674  2E76               	goto	u311
   389     0675  2E77               	goto	u310
   390     0676                     u311:
   391     0676  2E7A               	goto	l55
   392     0677                     u310:
   393     0677                     l769:
   394                           
   395                           ;MOTOR.c: 87:             PORTA = 0b00000001;
   396     0677  3001               	movlw	1
   397     0678  0085               	movwf	5	;volatile
   398                           
   399                           ;MOTOR.c: 88:         }
   400     0679  2E80               	goto	l773
   401     067A                     l55:	
   402                           ;MOTOR.c: 89:         else if(PORTBbits.RB1 == 1){
   403                           
   404     067A  1C86               	btfss	6,1	;volatile
   405     067B  2E7D               	goto	u321
   406     067C  2E7E               	goto	u320
   407     067D                     u321:
   408     067D  2E80               	goto	l773
   409     067E                     u320:
   410     067E                     l771:
   411                           
   412                           ;MOTOR.c: 90:             PORTA = 0b00000010;
   413     067E  3002               	movlw	2
   414     067F  0085               	movwf	5	;volatile
   415     0680                     l773:	
   416                           ;MOTOR.c: 91:         }
   417                           
   418                           
   419                           ;MOTOR.c: 100:         pot_value = adc_read(2);
   420     0680  3002               	movlw	2
   421     0681  120A  118A  2639  120A  118A  	fcall	_adc_read
   422     0686  0871               	movf	?_adc_read+1,w
   423     0687  1283               	bcf	3,5	;RP0=0, select bank0
   424     0688  1303               	bcf	3,6	;RP1=0, select bank0
   425     0689  00BF               	movwf	main@pot_value+1
   426     068A  0870               	movf	?_adc_read,w
   427     068B  00BE               	movwf	main@pot_value
   428                           
   429                           ;MOTOR.c: 103:         set_pwm_from_adc(pot_value);
   430     068C  083F               	movf	main@pot_value+1,w
   431     068D  00AE               	movwf	set_pwm_from_adc@adc_value+1
   432     068E  083E               	movf	main@pot_value,w
   433     068F  00AD               	movwf	set_pwm_from_adc@adc_value
   434     0690  120A  118A  274F  120A  118A  	fcall	_set_pwm_from_adc
   435     0695                     l775:
   436                           
   437                           ;MOTOR.c: 105:         _delay((unsigned long)((10)*(4000000/4000.0)));
   438     0695  300D               	movlw	13
   439     0696  1283               	bcf	3,5	;RP0=0, select bank0
   440     0697  1303               	bcf	3,6	;RP1=0, select bank0
   441     0698  00BD               	movwf	??_main+1
   442     0699  30FB               	movlw	251
   443     069A  00BC               	movwf	??_main
   444     069B                     u337:
   445     069B  0BBC               	decfsz	??_main,f
   446     069C  2E9B               	goto	u337
   447     069D  0BBD               	decfsz	??_main+1,f
   448     069E  2E9B               	goto	u337
   449     069F  2E71               	goto	l767
   450     06A0  120A  118A  2800   	ljmp	start
   451     06A3                     __end_of_main:
   452                           
   453                           	psect	text1
   454     074F                     __ptext1:	
   455 ;; *************** function _set_pwm_from_adc *****************
   456 ;; Defined at:
   457 ;;		line 54 in file "MOTOR.c"
   458 ;; Parameters:    Size  Location     Type
   459 ;;  adc_value       2   13[BANK0 ] unsigned int 
   460 ;; Auto vars:     Size  Location     Type
   461 ;;  temp            4   19[BANK0 ] unsigned long 
   462 ;;  dc              2   26[BANK0 ] unsigned int 
   463 ;;  max_counts      2   23[BANK0 ] unsigned int 
   464 ;;  percent         1   25[BANK0 ] unsigned char 
   465 ;; Return value:  Size  Location     Type
   466 ;;                  1    wreg      void 
   467 ;; Registers used:
   468 ;;		wreg, status,2, status,0, pclath, cstack
   469 ;; Tracked objects:
   470 ;;		On entry : 0/0
   471 ;;		On exit  : 0/0
   472 ;;		Unchanged: 0/0
   473 ;; Data sizes:     COMMON   BANK0   BANK1   BANK3   BANK2
   474 ;;      Params:         0       2       0       0       0
   475 ;;      Locals:         0       9       0       0       0
   476 ;;      Temps:          0       4       0       0       0
   477 ;;      Totals:         0      15       0       0       0
   478 ;;Total ram usage:       15 bytes
   479 ;; Hardware stack levels used: 1
   480 ;; Hardware stack levels required when called: 1
   481 ;; This function calls:
   482 ;;		___lldiv
   483 ;;		___lmul
   484 ;; This function is called by:
   485 ;;		_main
   486 ;; This function uses a non-reentrant model
   487 ;;
   488                           
   489     074F                     _set_pwm_from_adc:	
   490                           ;psect for function _set_pwm_from_adc
   491                           
   492     074F                     l751:	
   493                           ;incstack = 0
   494                           ; Regs used in _set_pwm_from_adc: [wreg+status,2+status,0+pclath+cstack]
   495                           
   496                           
   497                           ;MOTOR.c: 60:     unsigned long temp = (unsigned long)adc_value * 100;
   498     074F  1283               	bcf	3,5	;RP0=0, select bank0
   499     0750  1303               	bcf	3,6	;RP1=0, select bank0
   500     0751  082D               	movf	set_pwm_from_adc@adc_value,w
   501     0752  00F0               	movwf	___lmul@multiplier
   502     0753  082E               	movf	set_pwm_from_adc@adc_value+1,w
   503     0754  00F1               	movwf	___lmul@multiplier+1
   504     0755  01F2               	clrf	___lmul@multiplier+2
   505     0756  01F3               	clrf	___lmul@multiplier+3
   506     0757  3000               	movlw	0
   507     0758  00F7               	movwf	___lmul@multiplicand+3
   508     0759  3000               	movlw	0
   509     075A  00F6               	movwf	___lmul@multiplicand+2
   510     075B  3000               	movlw	0
   511     075C  00F5               	movwf	___lmul@multiplicand+1
   512     075D  3064               	movlw	100
   513     075E  00F4               	movwf	___lmul@multiplicand
   514     075F  120A  118A  26A3  120A  118A  	fcall	___lmul
   515     0764  0873               	movf	?___lmul+3,w
   516     0765  1283               	bcf	3,5	;RP0=0, select bank0
   517     0766  1303               	bcf	3,6	;RP1=0, select bank0
   518     0767  00B6               	movwf	set_pwm_from_adc@temp+3
   519     0768  0872               	movf	?___lmul+2,w
   520     0769  00B5               	movwf	set_pwm_from_adc@temp+2
   521     076A  0871               	movf	?___lmul+1,w
   522     076B  00B4               	movwf	set_pwm_from_adc@temp+1
   523     076C  0870               	movf	?___lmul,w
   524     076D  00B3               	movwf	set_pwm_from_adc@temp
   525                           
   526                           ;MOTOR.c: 61:     unsigned char percent = (unsigned char)(temp / 1023);
   527     076E  3000               	movlw	0
   528     076F  00A3               	movwf	___lldiv@divisor+3
   529     0770  3000               	movlw	0
   530     0771  00A2               	movwf	___lldiv@divisor+2
   531     0772  3003               	movlw	3
   532     0773  00A1               	movwf	___lldiv@divisor+1
   533     0774  30FF               	movlw	255
   534     0775  00A0               	movwf	___lldiv@divisor
   535     0776  0836               	movf	set_pwm_from_adc@temp+3,w
   536     0777  00A7               	movwf	___lldiv@dividend+3
   537     0778  0835               	movf	set_pwm_from_adc@temp+2,w
   538     0779  00A6               	movwf	___lldiv@dividend+2
   539     077A  0834               	movf	set_pwm_from_adc@temp+1,w
   540     077B  00A5               	movwf	___lldiv@dividend+1
   541     077C  0833               	movf	set_pwm_from_adc@temp,w
   542     077D  00A4               	movwf	___lldiv@dividend
   543     077E  120A  118A  26E9  120A  118A  	fcall	___lldiv
   544     0783  1283               	bcf	3,5	;RP0=0, select bank0
   545     0784  1303               	bcf	3,6	;RP1=0, select bank0
   546     0785  0820               	movf	?___lldiv,w
   547     0786  00B9               	movwf	set_pwm_from_adc@percent
   548     0787                     l753:
   549                           
   550                           ;MOTOR.c: 64:     unsigned int max_counts = (unsigned int)(4 * (PR2 + 1));
   551     0787  1683               	bsf	3,5	;RP0=1, select bank1
   552     0788  1303               	bcf	3,6	;RP1=0, select bank1
   553     0789  0812               	movf	18,w	;volatile
   554     078A  1283               	bcf	3,5	;RP0=0, select bank0
   555     078B  1303               	bcf	3,6	;RP1=0, select bank0
   556     078C  00AF               	movwf	??_set_pwm_from_adc
   557     078D  01B0               	clrf	??_set_pwm_from_adc+1
   558     078E  1003               	clrc
   559     078F  0DAF               	rlf	??_set_pwm_from_adc,f
   560     0790  0DB0               	rlf	??_set_pwm_from_adc+1,f
   561     0791  1003               	clrc
   562     0792  0DAF               	rlf	??_set_pwm_from_adc,f
   563     0793  0DB0               	rlf	??_set_pwm_from_adc+1,f
   564     0794  082F               	movf	??_set_pwm_from_adc,w
   565     0795  3E04               	addlw	4
   566     0796  00B1               	movwf	??_set_pwm_from_adc+2
   567     0797  0830               	movf	??_set_pwm_from_adc+1,w
   568     0798  1803               	skipnc
   569     0799  3E01               	addlw	1
   570     079A  3E00               	addlw	0
   571     079B  00B2               	movwf	??_set_pwm_from_adc+3
   572     079C  0831               	movf	??_set_pwm_from_adc+2,w
   573     079D  00B7               	movwf	set_pwm_from_adc@max_counts
   574     079E  0832               	movf	??_set_pwm_from_adc+3,w
   575     079F  00B8               	movwf	set_pwm_from_adc@max_counts+1
   576     07A0                     l755:
   577                           
   578                           ;MOTOR.c: 65:     unsigned int dc = (unsigned int)((unsigned long)percent * max_counts /
      +                           100UL);
   579     07A0  3000               	movlw	0
   580     07A1  00A3               	movwf	___lldiv@divisor+3
   581     07A2  3000               	movlw	0
   582     07A3  00A2               	movwf	___lldiv@divisor+2
   583     07A4  3000               	movlw	0
   584     07A5  00A1               	movwf	___lldiv@divisor+1
   585     07A6  3064               	movlw	100
   586     07A7  00A0               	movwf	___lldiv@divisor
   587     07A8  0839               	movf	set_pwm_from_adc@percent,w
   588     07A9  00AF               	movwf	??_set_pwm_from_adc
   589     07AA  01B0               	clrf	??_set_pwm_from_adc+1
   590     07AB  01B1               	clrf	??_set_pwm_from_adc+2
   591     07AC  01B2               	clrf	??_set_pwm_from_adc+3
   592     07AD  0832               	movf	??_set_pwm_from_adc+3,w
   593     07AE  00F3               	movwf	___lmul@multiplier+3
   594     07AF  0831               	movf	??_set_pwm_from_adc+2,w
   595     07B0  00F2               	movwf	___lmul@multiplier+2
   596     07B1  0830               	movf	??_set_pwm_from_adc+1,w
   597     07B2  00F1               	movwf	___lmul@multiplier+1
   598     07B3  082F               	movf	??_set_pwm_from_adc,w
   599     07B4  00F0               	movwf	___lmul@multiplier
   600     07B5  0837               	movf	set_pwm_from_adc@max_counts,w
   601     07B6  00F4               	movwf	___lmul@multiplicand
   602     07B7  0838               	movf	set_pwm_from_adc@max_counts+1,w
   603     07B8  00F5               	movwf	___lmul@multiplicand+1
   604     07B9  01F6               	clrf	___lmul@multiplicand+2
   605     07BA  01F7               	clrf	___lmul@multiplicand+3
   606     07BB  120A  118A  26A3  120A  118A  	fcall	___lmul
   607     07C0  0873               	movf	?___lmul+3,w
   608     07C1  1283               	bcf	3,5	;RP0=0, select bank0
   609     07C2  1303               	bcf	3,6	;RP1=0, select bank0
   610     07C3  00A7               	movwf	___lldiv@dividend+3
   611     07C4  0872               	movf	?___lmul+2,w
   612     07C5  00A6               	movwf	___lldiv@dividend+2
   613     07C6  0871               	movf	?___lmul+1,w
   614     07C7  00A5               	movwf	___lldiv@dividend+1
   615     07C8  0870               	movf	?___lmul,w
   616     07C9  00A4               	movwf	___lldiv@dividend
   617     07CA  120A  118A  26E9  120A  118A  	fcall	___lldiv
   618     07CF  1283               	bcf	3,5	;RP0=0, select bank0
   619     07D0  1303               	bcf	3,6	;RP1=0, select bank0
   620     07D1  0821               	movf	?___lldiv+1,w
   621     07D2  00BB               	movwf	set_pwm_from_adc@dc+1
   622     07D3  0820               	movf	?___lldiv,w
   623     07D4  00BA               	movwf	set_pwm_from_adc@dc
   624                           
   625                           ;MOTOR.c: 67:     CCPR1L = (unsigned char)(dc >> 2);
   626     07D5  083B               	movf	set_pwm_from_adc@dc+1,w
   627     07D6  00B0               	movwf	??_set_pwm_from_adc+1
   628     07D7  083A               	movf	set_pwm_from_adc@dc,w
   629     07D8  00AF               	movwf	??_set_pwm_from_adc
   630     07D9  1003               	clrc
   631     07DA  0CB0               	rrf	??_set_pwm_from_adc+1,f
   632     07DB  0CAF               	rrf	??_set_pwm_from_adc,f
   633     07DC  1003               	clrc
   634     07DD  0CB0               	rrf	??_set_pwm_from_adc+1,f
   635     07DE  0CAF               	rrf	??_set_pwm_from_adc,f
   636     07DF  082F               	movf	??_set_pwm_from_adc,w
   637     07E0  0095               	movwf	21	;volatile
   638                           
   639                           ;MOTOR.c: 68:     CCP1CONbits.CCP1Y = dc & 1;
   640     07E1  083A               	movf	set_pwm_from_adc@dc,w
   641     07E2  3901               	andlw	1
   642     07E3  00AF               	movwf	??_set_pwm_from_adc
   643     07E4  0EAF               	swapf	??_set_pwm_from_adc,f
   644     07E5  0817               	movf	23,w	;volatile
   645     07E6  062F               	xorwf	??_set_pwm_from_adc,w
   646     07E7  39EF               	andlw	-17
   647     07E8  062F               	xorwf	??_set_pwm_from_adc,w
   648     07E9  0097               	movwf	23	;volatile
   649                           
   650                           ;MOTOR.c: 69:     CCP1CONbits.CCP1X = (dc >> 1) & 1;
   651     07EA  083B               	movf	set_pwm_from_adc@dc+1,w
   652     07EB  00B0               	movwf	??_set_pwm_from_adc+1
   653     07EC  083A               	movf	set_pwm_from_adc@dc,w
   654     07ED  00AF               	movwf	??_set_pwm_from_adc
   655     07EE  1003               	clrc
   656     07EF  0CB0               	rrf	??_set_pwm_from_adc+1,f
   657     07F0  0CAF               	rrf	??_set_pwm_from_adc,f
   658     07F1  082F               	movf	??_set_pwm_from_adc,w
   659     07F2  3901               	andlw	1
   660     07F3  00B1               	movwf	??_set_pwm_from_adc+2
   661     07F4  0EB1               	swapf	??_set_pwm_from_adc+2,f
   662     07F5  0DB1               	rlf	??_set_pwm_from_adc+2,f
   663     07F6  0817               	movf	23,w	;volatile
   664     07F7  0631               	xorwf	??_set_pwm_from_adc+2,w
   665     07F8  39DF               	andlw	-33
   666     07F9  0631               	xorwf	??_set_pwm_from_adc+2,w
   667     07FA  0097               	movwf	23	;volatile
   668     07FB                     l49:
   669     07FB  0008               	return
   670     07FC                     __end_of_set_pwm_from_adc:
   671                           
   672                           	psect	text2
   673     06A3                     __ptext2:	
   674 ;; *************** function ___lmul *****************
   675 ;; Defined at:
   676 ;;		line 15 in file "C:\Program Files\Microchip\xc8\v3.10\pic\sources\c99\common\Umul32.c"
   677 ;; Parameters:    Size  Location     Type
   678 ;;  multiplier      4    0[COMMON] unsigned long 
   679 ;;  multiplicand    4    4[COMMON] unsigned long 
   680 ;; Auto vars:     Size  Location     Type
   681 ;;  product         4    9[COMMON] unsigned long 
   682 ;; Return value:  Size  Location     Type
   683 ;;                  4    0[COMMON] unsigned long 
   684 ;; Registers used:
   685 ;;		wreg, status,2, status,0
   686 ;; Tracked objects:
   687 ;;		On entry : 0/0
   688 ;;		On exit  : 0/0
   689 ;;		Unchanged: 0/0
   690 ;; Data sizes:     COMMON   BANK0   BANK1   BANK3   BANK2
   691 ;;      Params:         8       0       0       0       0
   692 ;;      Locals:         4       0       0       0       0
   693 ;;      Temps:          1       0       0       0       0
   694 ;;      Totals:        13       0       0       0       0
   695 ;;Total ram usage:       13 bytes
   696 ;; Hardware stack levels used: 1
   697 ;; This function calls:
   698 ;;		Nothing
   699 ;; This function is called by:
   700 ;;		_set_pwm_from_adc
   701 ;; This function uses a non-reentrant model
   702 ;;
   703                           
   704     06A3                     ___lmul:	
   705                           ;psect for function ___lmul
   706                           
   707     06A3                     l691:	
   708                           ;incstack = 0
   709                           ; Regs used in ___lmul: [wreg+status,2+status,0]
   710                           
   711     06A3  3000               	movlw	0
   712     06A4  00FC               	movwf	___lmul@product+3
   713     06A5  3000               	movlw	0
   714     06A6  00FB               	movwf	___lmul@product+2
   715     06A7  3000               	movlw	0
   716     06A8  00FA               	movwf	___lmul@product+1
   717     06A9  3000               	movlw	0
   718     06AA  00F9               	movwf	___lmul@product
   719     06AB                     l693:
   720     06AB  1C70               	btfss	___lmul@multiplier,0
   721     06AC  2EAE               	goto	u171
   722     06AD  2EAF               	goto	u170
   723     06AE                     u171:
   724     06AE  2EC6               	goto	l697
   725     06AF                     u170:
   726     06AF                     l695:
   727     06AF  0874               	movf	___lmul@multiplicand,w
   728     06B0  07F9               	addwf	___lmul@product,f
   729     06B1  0875               	movf	___lmul@multiplicand+1,w
   730     06B2  1103               	clrz
   731     06B3  1803               	skipnc
   732     06B4  3E01               	addlw	1
   733     06B5  1903               	skipnz
   734     06B6  2EB8               	goto	u181
   735     06B7  07FA               	addwf	___lmul@product+1,f
   736     06B8                     u181:
   737     06B8  0876               	movf	___lmul@multiplicand+2,w
   738     06B9  1103               	clrz
   739     06BA  1803               	skipnc
   740     06BB  3E01               	addlw	1
   741     06BC  1903               	skipnz
   742     06BD  2EBF               	goto	u182
   743     06BE  07FB               	addwf	___lmul@product+2,f
   744     06BF                     u182:
   745     06BF  0877               	movf	___lmul@multiplicand+3,w
   746     06C0  1103               	clrz
   747     06C1  1803               	skipnc
   748     06C2  3E01               	addlw	1
   749     06C3  1903               	skipnz
   750     06C4  2EC6               	goto	u183
   751     06C5  07FC               	addwf	___lmul@product+3,f
   752     06C6                     u183:
   753     06C6                     l697:
   754     06C6  3001               	movlw	1
   755     06C7  00F8               	movwf	??___lmul
   756     06C8                     u195:
   757     06C8  1003               	clrc
   758     06C9  0DF4               	rlf	___lmul@multiplicand,f
   759     06CA  0DF5               	rlf	___lmul@multiplicand+1,f
   760     06CB  0DF6               	rlf	___lmul@multiplicand+2,f
   761     06CC  0DF7               	rlf	___lmul@multiplicand+3,f
   762     06CD  0BF8               	decfsz	??___lmul,f
   763     06CE  2EC8               	goto	u195
   764     06CF                     l699:
   765     06CF  3001               	movlw	1
   766     06D0                     u205:
   767     06D0  1003               	clrc
   768     06D1  0CF3               	rrf	___lmul@multiplier+3,f
   769     06D2  0CF2               	rrf	___lmul@multiplier+2,f
   770     06D3  0CF1               	rrf	___lmul@multiplier+1,f
   771     06D4  0CF0               	rrf	___lmul@multiplier,f
   772     06D5  3EFF               	addlw	-1
   773     06D6  1D03               	skipz
   774     06D7  2ED0               	goto	u205
   775     06D8  0873               	movf	___lmul@multiplier+3,w
   776     06D9  0472               	iorwf	___lmul@multiplier+2,w
   777     06DA  0471               	iorwf	___lmul@multiplier+1,w
   778     06DB  0470               	iorwf	___lmul@multiplier,w
   779     06DC  1D03               	skipz
   780     06DD  2EDF               	goto	u211
   781     06DE  2EE0               	goto	u210
   782     06DF                     u211:
   783     06DF  2EAB               	goto	l693
   784     06E0                     u210:
   785     06E0                     l701:
   786     06E0  087C               	movf	___lmul@product+3,w
   787     06E1  00F3               	movwf	?___lmul+3
   788     06E2  087B               	movf	___lmul@product+2,w
   789     06E3  00F2               	movwf	?___lmul+2
   790     06E4  087A               	movf	___lmul@product+1,w
   791     06E5  00F1               	movwf	?___lmul+1
   792     06E6  0879               	movf	___lmul@product,w
   793     06E7  00F0               	movwf	?___lmul
   794     06E8                     l161:
   795     06E8  0008               	return
   796     06E9                     __end_of___lmul:
   797                           
   798                           	psect	text3
   799     06E9                     __ptext3:	
   800 ;; *************** function ___lldiv *****************
   801 ;; Defined at:
   802 ;;		line 5 in file "C:\Program Files\Microchip\xc8\v3.10\pic\sources\c99\common\__lldiv.c"
   803 ;; Parameters:    Size  Location     Type
   804 ;;  divisor         4    0[BANK0 ] unsigned long 
   805 ;;  dividend        4    4[BANK0 ] unsigned long 
   806 ;; Auto vars:     Size  Location     Type
   807 ;;  quotient        4    8[BANK0 ] unsigned long 
   808 ;;  counter         1   12[BANK0 ] unsigned char 
   809 ;; Return value:  Size  Location     Type
   810 ;;                  4    0[BANK0 ] unsigned long 
   811 ;; Registers used:
   812 ;;		wreg, status,2, status,0
   813 ;; Tracked objects:
   814 ;;		On entry : 0/0
   815 ;;		On exit  : 0/0
   816 ;;		Unchanged: 0/0
   817 ;; Data sizes:     COMMON   BANK0   BANK1   BANK3   BANK2
   818 ;;      Params:         0       8       0       0       0
   819 ;;      Locals:         0       5       0       0       0
   820 ;;      Temps:          1       0       0       0       0
   821 ;;      Totals:         1      13       0       0       0
   822 ;;Total ram usage:       14 bytes
   823 ;; Hardware stack levels used: 1
   824 ;; This function calls:
   825 ;;		Nothing
   826 ;; This function is called by:
   827 ;;		_set_pwm_from_adc
   828 ;; This function uses a non-reentrant model
   829 ;;
   830                           
   831     06E9                     ___lldiv:	
   832                           ;psect for function ___lldiv
   833                           
   834     06E9                     l705:	
   835                           ;incstack = 0
   836                           ; Regs used in ___lldiv: [wreg+status,2+status,0]
   837                           
   838     06E9  3000               	movlw	0
   839     06EA  1283               	bcf	3,5	;RP0=0, select bank0
   840     06EB  1303               	bcf	3,6	;RP1=0, select bank0
   841     06EC  00AB               	movwf	___lldiv@quotient+3
   842     06ED  3000               	movlw	0
   843     06EE  00AA               	movwf	___lldiv@quotient+2
   844     06EF  3000               	movlw	0
   845     06F0  00A9               	movwf	___lldiv@quotient+1
   846     06F1  3000               	movlw	0
   847     06F2  00A8               	movwf	___lldiv@quotient
   848     06F3  0823               	movf	___lldiv@divisor+3,w
   849     06F4  0422               	iorwf	___lldiv@divisor+2,w
   850     06F5  0421               	iorwf	___lldiv@divisor+1,w
   851     06F6  0420               	iorwf	___lldiv@divisor,w
   852     06F7  1903               	skipnz
   853     06F8  2EFA               	goto	u221
   854     06F9  2EFB               	goto	u220
   855     06FA                     u221:
   856     06FA  2F46               	goto	l725
   857     06FB                     u220:
   858     06FB                     l707:
   859     06FB  3001               	movlw	1
   860     06FC  00AC               	movwf	___lldiv@counter
   861     06FD  2F09               	goto	l711
   862     06FE                     l709:
   863     06FE  3001               	movlw	1
   864     06FF  00FD               	movwf	??___lldiv
   865     0700                     u235:
   866     0700  1003               	clrc
   867     0701  0DA0               	rlf	___lldiv@divisor,f
   868     0702  0DA1               	rlf	___lldiv@divisor+1,f
   869     0703  0DA2               	rlf	___lldiv@divisor+2,f
   870     0704  0DA3               	rlf	___lldiv@divisor+3,f
   871     0705  0BFD               	decfsz	??___lldiv,f
   872     0706  2F00               	goto	u235
   873     0707  3001               	movlw	1
   874     0708  07AC               	addwf	___lldiv@counter,f
   875     0709                     l711:
   876     0709  1FA3               	btfss	___lldiv@divisor+3,7
   877     070A  2F0C               	goto	u241
   878     070B  2F0D               	goto	u240
   879     070C                     u241:
   880     070C  2EFE               	goto	l709
   881     070D                     u240:
   882     070D                     l713:
   883     070D  3001               	movlw	1
   884     070E  00FD               	movwf	??___lldiv
   885     070F                     u255:
   886     070F  1003               	clrc
   887     0710  0DA8               	rlf	___lldiv@quotient,f
   888     0711  0DA9               	rlf	___lldiv@quotient+1,f
   889     0712  0DAA               	rlf	___lldiv@quotient+2,f
   890     0713  0DAB               	rlf	___lldiv@quotient+3,f
   891     0714  0BFD               	decfsz	??___lldiv,f
   892     0715  2F0F               	goto	u255
   893     0716                     l715:
   894     0716  0823               	movf	___lldiv@divisor+3,w
   895     0717  0227               	subwf	___lldiv@dividend+3,w
   896     0718  1D03               	skipz
   897     0719  2F24               	goto	u265
   898     071A  0822               	movf	___lldiv@divisor+2,w
   899     071B  0226               	subwf	___lldiv@dividend+2,w
   900     071C  1D03               	skipz
   901     071D  2F24               	goto	u265
   902     071E  0821               	movf	___lldiv@divisor+1,w
   903     071F  0225               	subwf	___lldiv@dividend+1,w
   904     0720  1D03               	skipz
   905     0721  2F24               	goto	u265
   906     0722  0820               	movf	___lldiv@divisor,w
   907     0723  0224               	subwf	___lldiv@dividend,w
   908     0724                     u265:
   909     0724  1C03               	skipc
   910     0725  2F27               	goto	u261
   911     0726  2F28               	goto	u260
   912     0727                     u261:
   913     0727  2F37               	goto	l721
   914     0728                     u260:
   915     0728                     l717:
   916     0728  0820               	movf	___lldiv@divisor,w
   917     0729  02A4               	subwf	___lldiv@dividend,f
   918     072A  0821               	movf	___lldiv@divisor+1,w
   919     072B  1C03               	skipc
   920     072C  0F21               	incfsz	___lldiv@divisor+1,w
   921     072D  02A5               	subwf	___lldiv@dividend+1,f
   922     072E  0822               	movf	___lldiv@divisor+2,w
   923     072F  1C03               	skipc
   924     0730  0F22               	incfsz	___lldiv@divisor+2,w
   925     0731  02A6               	subwf	___lldiv@dividend+2,f
   926     0732  0823               	movf	___lldiv@divisor+3,w
   927     0733  1C03               	skipc
   928     0734  0F23               	incfsz	___lldiv@divisor+3,w
   929     0735  02A7               	subwf	___lldiv@dividend+3,f
   930     0736                     l719:
   931     0736  1428               	bsf	___lldiv@quotient,0
   932     0737                     l721:
   933     0737  3001               	movlw	1
   934     0738                     u275:
   935     0738  1003               	clrc
   936     0739  0CA3               	rrf	___lldiv@divisor+3,f
   937     073A  0CA2               	rrf	___lldiv@divisor+2,f
   938     073B  0CA1               	rrf	___lldiv@divisor+1,f
   939     073C  0CA0               	rrf	___lldiv@divisor,f
   940     073D  3EFF               	addlw	-1
   941     073E  1D03               	skipz
   942     073F  2F38               	goto	u275
   943     0740                     l723:
   944     0740  3001               	movlw	1
   945     0741  02AC               	subwf	___lldiv@counter,f
   946     0742  1D03               	btfss	3,2
   947     0743  2F45               	goto	u281
   948     0744  2F46               	goto	u280
   949     0745                     u281:
   950     0745  2F0D               	goto	l713
   951     0746                     u280:
   952     0746                     l725:
   953     0746  082B               	movf	___lldiv@quotient+3,w
   954     0747  00A3               	movwf	?___lldiv+3
   955     0748  082A               	movf	___lldiv@quotient+2,w
   956     0749  00A2               	movwf	?___lldiv+2
   957     074A  0829               	movf	___lldiv@quotient+1,w
   958     074B  00A1               	movwf	?___lldiv+1
   959     074C  0828               	movf	___lldiv@quotient,w
   960     074D  00A0               	movwf	?___lldiv
   961     074E                     l183:
   962     074E  0008               	return
   963     074F                     __end_of___lldiv:
   964                           
   965                           	psect	text4
   966     0628                     __ptext4:	
   967 ;; *************** function _pwm_init *****************
   968 ;; Defined at:
   969 ;;		line 43 in file "MOTOR.c"
   970 ;; Parameters:    Size  Location     Type
   971 ;;		None
   972 ;; Auto vars:     Size  Location     Type
   973 ;;		None
   974 ;; Return value:  Size  Location     Type
   975 ;;                  1    wreg      void 
   976 ;; Registers used:
   977 ;;		status,2
   978 ;; Tracked objects:
   979 ;;		On entry : 0/0
   980 ;;		On exit  : 0/0
   981 ;;		Unchanged: 0/0
   982 ;; Data sizes:     COMMON   BANK0   BANK1   BANK3   BANK2
   983 ;;      Params:         0       0       0       0       0
   984 ;;      Locals:         0       0       0       0       0
   985 ;;      Temps:          0       0       0       0       0
   986 ;;      Totals:         0       0       0       0       0
   987 ;;Total ram usage:        0 bytes
   988 ;; Hardware stack levels used: 1
   989 ;; This function calls:
   990 ;;		Nothing
   991 ;; This function is called by:
   992 ;;		_main
   993 ;; This function uses a non-reentrant model
   994 ;;
   995                           
   996     0628                     _pwm_init:	
   997                           ;psect for function _pwm_init
   998                           
   999     0628                     l743:	
  1000                           ;incstack = 0
  1001                           ; Regs used in _pwm_init: [status,2]
  1002                           
  1003                           
  1004                           ;MOTOR.c: 45:     TRISCbits.TRISC2 = 0;
  1005     0628  1683               	bsf	3,5	;RP0=1, select bank1
  1006     0629  1303               	bcf	3,6	;RP1=0, select bank1
  1007     062A  1107               	bcf	7,2	;volatile
  1008                           
  1009                           ;MOTOR.c: 46:     CCP1CON = 0b00001100;
  1010     062B  300C               	movlw	12
  1011     062C  1283               	bcf	3,5	;RP0=0, select bank0
  1012     062D  1303               	bcf	3,6	;RP1=0, select bank0
  1013     062E  0097               	movwf	23	;volatile
  1014     062F                     l745:
  1015                           
  1016                           ;MOTOR.c: 48:     CCPR1L = 0;
  1017     062F  0195               	clrf	21	;volatile
  1018     0630                     l747:
  1019                           
  1020                           ;MOTOR.c: 49:     PR2 = 249;
  1021     0630  30F9               	movlw	249
  1022     0631  1683               	bsf	3,5	;RP0=1, select bank1
  1023     0632  1303               	bcf	3,6	;RP1=0, select bank1
  1024     0633  0092               	movwf	18	;volatile
  1025     0634                     l749:
  1026                           
  1027                           ;MOTOR.c: 50:     T2CON = 0b00000101;
  1028     0634  3005               	movlw	5
  1029     0635  1283               	bcf	3,5	;RP0=0, select bank0
  1030     0636  1303               	bcf	3,6	;RP1=0, select bank0
  1031     0637  0092               	movwf	18	;volatile
  1032     0638                     l46:
  1033     0638  0008               	return
  1034     0639                     __end_of_pwm_init:
  1035                           
  1036                           	psect	text5
  1037     0639                     __ptext5:	
  1038 ;; *************** function _adc_read *****************
  1039 ;; Defined at:
  1040 ;;		line 29 in file "MOTOR.c"
  1041 ;; Parameters:    Size  Location     Type
  1042 ;;  channel         1    wreg     unsigned char 
  1043 ;; Auto vars:     Size  Location     Type
  1044 ;;  channel         1    4[COMMON] unsigned char 
  1045 ;; Return value:  Size  Location     Type
  1046 ;;                  2    0[COMMON] unsigned int 
  1047 ;; Registers used:
  1048 ;;		wreg, status,2, status,0
  1049 ;; Tracked objects:
  1050 ;;		On entry : 0/0
  1051 ;;		On exit  : 0/0
  1052 ;;		Unchanged: 0/0
  1053 ;; Data sizes:     COMMON   BANK0   BANK1   BANK3   BANK2
  1054 ;;      Params:         2       0       0       0       0
  1055 ;;      Locals:         1       0       0       0       0
  1056 ;;      Temps:          2       0       0       0       0
  1057 ;;      Totals:         5       0       0       0       0
  1058 ;;Total ram usage:        5 bytes
  1059 ;; Hardware stack levels used: 1
  1060 ;; This function calls:
  1061 ;;		Nothing
  1062 ;; This function is called by:
  1063 ;;		_main
  1064 ;; This function uses a non-reentrant model
  1065 ;;
  1066                           
  1067     0639                     _adc_read:	
  1068                           ;psect for function _adc_read
  1069                           
  1070                           
  1071                           ;incstack = 0
  1072                           ; Regs used in _adc_read: [wreg+status,2+status,0]
  1073                           ;adc_read@channel stored from wreg
  1074     0639  00F4               	movwf	adc_read@channel
  1075     063A                     l731:
  1076                           
  1077                           ;MOTOR.c: 30:     ADCON0 &= 0b11000111;
  1078     063A  30C7               	movlw	199
  1079     063B  1283               	bcf	3,5	;RP0=0, select bank0
  1080     063C  1303               	bcf	3,6	;RP1=0, select bank0
  1081     063D  059F               	andwf	31,f	;volatile
  1082                           
  1083                           ;MOTOR.c: 31:     ADCON0 |= (channel <<3);
  1084     063E  0874               	movf	adc_read@channel,w	;volatile
  1085     063F  00F2               	movwf	??_adc_read
  1086     0640  3002               	movlw	2
  1087     0641                     u295:
  1088     0641  1003               	clrc
  1089     0642  0DF2               	rlf	??_adc_read,f
  1090     0643  3EFF               	addlw	-1
  1091     0644  1D03               	skipz
  1092     0645  2E41               	goto	u295
  1093     0646  1003               	clrc
  1094     0647  0D72               	rlf	??_adc_read,w
  1095     0648  049F               	iorwf	31,f	;volatile
  1096     0649                     l733:
  1097                           
  1098                           ;MOTOR.c: 32:     ADCON0bits.ADON = 1;
  1099     0649  141F               	bsf	31,0	;volatile
  1100     064A                     l735:
  1101                           
  1102                           ;MOTOR.c: 33:     _delay((unsigned long)((20)*(4000000/4000.0)));
  1103     064A  301A               	movlw	26
  1104     064B  00F3               	movwf	??_adc_read+1
  1105     064C  30F8               	movlw	248
  1106     064D  00F2               	movwf	??_adc_read
  1107     064E                     u347:
  1108     064E  0BF2               	decfsz	??_adc_read,f
  1109     064F  2E4E               	goto	u347
  1110     0650  0BF3               	decfsz	??_adc_read+1,f
  1111     0651  2E4E               	goto	u347
  1112     0652  0000               	nop
  1113     0653                     l737:
  1114                           
  1115                           ;MOTOR.c: 35:     ADCON0bits.GO = 1;
  1116     0653  1283               	bcf	3,5	;RP0=0, select bank0
  1117     0654  1303               	bcf	3,6	;RP1=0, select bank0
  1118     0655  151F               	bsf	31,2	;volatile
  1119     0656                     l40:	
  1120                           ;MOTOR.c: 37:     while(ADCON0bits.GO_nDONE);
  1121                           
  1122     0656  191F               	btfsc	31,2	;volatile
  1123     0657  2E59               	goto	u301
  1124     0658  2E5A               	goto	u300
  1125     0659                     u301:
  1126     0659  2E56               	goto	l40
  1127     065A                     u300:
  1128     065A                     l739:
  1129                           
  1130                           ;MOTOR.c: 38:     return((ADRESH << 8) + ADRESL);
  1131     065A  081E               	movf	30,w	;volatile
  1132     065B  00F1               	movwf	?_adc_read+1
  1133     065C  1683               	bsf	3,5	;RP0=1, select bank1
  1134     065D  1303               	bcf	3,6	;RP1=0, select bank1
  1135     065E  081E               	movf	30,w	;volatile
  1136     065F  00F0               	movwf	?_adc_read
  1137     0660                     l43:
  1138     0660  0008               	return
  1139     0661                     __end_of_adc_read:
  1140                           
  1141                           	psect	text6
  1142     061F                     __ptext6:	
  1143 ;; *************** function _adc_init *****************
  1144 ;; Defined at:
  1145 ;;		line 23 in file "MOTOR.c"
  1146 ;; Parameters:    Size  Location     Type
  1147 ;;		None
  1148 ;; Auto vars:     Size  Location     Type
  1149 ;;		None
  1150 ;; Return value:  Size  Location     Type
  1151 ;;                  1    wreg      void 
  1152 ;; Registers used:
  1153 ;;		None
  1154 ;; Tracked objects:
  1155 ;;		On entry : 0/0
  1156 ;;		On exit  : 0/0
  1157 ;;		Unchanged: 0/0
  1158 ;; Data sizes:     COMMON   BANK0   BANK1   BANK3   BANK2
  1159 ;;      Params:         0       0       0       0       0
  1160 ;;      Locals:         0       0       0       0       0
  1161 ;;      Temps:          0       0       0       0       0
  1162 ;;      Totals:         0       0       0       0       0
  1163 ;;Total ram usage:        0 bytes
  1164 ;; Hardware stack levels used: 1
  1165 ;; This function calls:
  1166 ;;		Nothing
  1167 ;; This function is called by:
  1168 ;;		_main
  1169 ;; This function uses a non-reentrant model
  1170 ;;
  1171                           
  1172     061F                     _adc_init:	
  1173                           ;psect for function _adc_init
  1174                           
  1175     061F                     l729:	
  1176                           ;incstack = 0
  1177                           ; Regs used in _adc_init: []
  1178                           
  1179                           
  1180                           ;MOTOR.c: 24:     ADCON1 = 0b00000010;
  1181     061F  3002               	movlw	2
  1182     0620  1683               	bsf	3,5	;RP0=1, select bank1
  1183     0621  1303               	bcf	3,6	;RP1=0, select bank1
  1184     0622  009F               	movwf	31	;volatile
  1185                           
  1186                           ;MOTOR.c: 25:     ADCON0 = 0b01000000;
  1187     0623  3040               	movlw	64
  1188     0624  1283               	bcf	3,5	;RP0=0, select bank0
  1189     0625  1303               	bcf	3,6	;RP1=0, select bank0
  1190     0626  009F               	movwf	31	;volatile
  1191     0627                     l37:
  1192     0627  0008               	return
  1193     0628                     __end_of_adc_init:
  1194     0002                     ___latbits      equ	2
  1195     007E                     btemp           set	126	;btemp
  1196     007E                     btemp0          set	126
  1197     007F                     btemp1          set	127
  1198     007E                     wtemp0          set	126
  1199     007F                     wtemp0a         set	127
  1200     007F                     ttemp0a         set	127
  1201     0080                     ltemp0a         set	128
  1202                           
  1203                           	psect	config
  1204                           
  1205                           ;Config register CONFIG @ 0x2007
  1206                           ;	Oscillator Selection bits
  1207                           ;	FOSC = XT, XT oscillator
  1208                           ;	Watchdog Timer Enable bit
  1209                           ;	WDTE = OFF, WDT disabled
  1210                           ;	Power-up Timer Enable bit
  1211                           ;	PWRTE = OFF, PWRT disabled
  1212                           ;	Brown-out Reset Enable bit
  1213                           ;	BOREN = ON, BOR enabled
  1214                           ;	Low-Voltage (Single-Supply) In-Circuit Serial Programming Enable bit
  1215                           ;	LVP = OFF, RB3 is digital I/O, HV on MCLR must be used for programming
  1216                           ;	Data EEPROM Memory Code Protection bit
  1217                           ;	CPD = OFF, Data EEPROM code protection off
  1218                           ;	Flash Program Memory Write Enable bits
  1219                           ;	WRT = OFF, Write protection off; all program memory may be written to by EECON control
  1220                           ;	In-Circuit Debugger Mode bit
  1221                           ;	DEBUG = 0x1, unprogrammed default
  1222                           ;	Flash Program Memory Code Protection bit
  1223                           ;	CP = OFF, Code protection off
  1224     2007                     	org	8199
  1225     2007  3F79               	dw	16249

Data Sizes:
    Strings     0
    Constant    0
    Data        0
    BSS         0
    Persistent  0
    Stack       0

Auto Spaces:
    Space          Size  Autos    Used
    COMMON           14     14      14
    BANK0            80     32      32
    BANK1            80      0       0
    BANK3            96      0       0
    BANK2            96      0       0

Pointer List with Targets:

    None.

Critical Paths under _main in COMMON

    _set_pwm_from_adc->___lldiv
    ___lldiv->___lmul

Critical Paths under _main in BANK0

    _main->_set_pwm_from_adc
    _set_pwm_from_adc->___lldiv

Critical Paths under _main in BANK1

    None.

Critical Paths under _main in BANK3

    None.

Critical Paths under _main in BANK2

    None.

Call Graph Tables:

 ---------------------------------------------------------------------------------
 (Depth) Function   	        Calls       Base Space   Used Autos Params    Refs
 ---------------------------------------------------------------------------------
 (0) _main                                                 4     4      0     474
                                             28 BANK0      4     4      0
                           _adc_init
                           _adc_read
                           _pwm_init
                   _set_pwm_from_adc
 ---------------------------------------------------------------------------------
 (1) _set_pwm_from_adc                                    15    13      2     421
                                             13 BANK0     15    13      2
                            ___lldiv
                             ___lmul
 ---------------------------------------------------------------------------------
 (2) ___lmul                                              13     5      8      96
                                              0 COMMON    13     5      8
 ---------------------------------------------------------------------------------
 (2) ___lldiv                                             14     6      8     166
                                             13 COMMON     1     1      0
                                              0 BANK0     13     5      8
                             ___lmul (ARG)
 ---------------------------------------------------------------------------------
 (1) _pwm_init                                             0     0      0       0
 ---------------------------------------------------------------------------------
 (1) _adc_read                                             5     3      2      29
                                              0 COMMON     5     3      2
 ---------------------------------------------------------------------------------
 (1) _adc_init                                             0     0      0       0
 ---------------------------------------------------------------------------------
 Estimated maximum stack depth 2
 ---------------------------------------------------------------------------------

 Call Graph Graphs:

 _main (ROOT)
   _adc_init
   _adc_read
   _pwm_init
   _set_pwm_from_adc
     ___lldiv
       ___lmul (ARG)
     ___lmul

Address spaces:
Name               Size   Autos  Total    Usage
BITCOMMON           14      0       0      0.0%
BITBANK0            80      0       0      0.0%
BITBANK1            80      0       0      0.0%
BITBANK3            96      0       0      0.0%
BITBANK2            96      0       0      0.0%
COMMON              14     14      14    100.0%
BANK0               80     32      32     40.0%
BANK1               80      0       0      0.0%
BANK3               96      0       0      0.0%
BANK2               96      0       0      0.0%
STACK                0      0       0      0.0%
DATA                 0      0      46      0.0%


Microchip Technology PIC Macro Assembler V3.10 build 20250813170317 
Symbol Table                                                                                   Tue Nov 25 13:14:47 2025

                        l40 0656                          l43 0660                          l37 0627  
                        l46 0638                          l55 067A                          l49 07FB  
                       l161 06E8                         l183 074E                         l701 06E0  
                       l711 0709                         l721 0737                         l713 070D  
                       l705 06E9                         l731 063A                         l723 0740  
                       l715 0716                         l707 06FB                         l733 0649  
                       l717 0728                         l709 06FE                         l725 0746  
                       l735 064A                         l743 0628                         l719 0736  
                       l751 074F                         l729 061F                         l737 0653  
                       l745 062F                         l753 0787                         l761 0666  
                       l739 065A                         l747 0630                         l691 06A3  
                       l755 07A0                         l771 067E                         l763 0667  
                       l749 0634                         l693 06AB                         l773 0680  
                       l765 066C                         l757 0661                         l695 06AF  
                       l775 0695                         l767 0671                         l759 0665  
                       l697 06C6                         l769 0677                         l699 06CF  
                       u210 06E0                         u211 06DF                         u300 065A  
                       u220 06FB                         u301 0659                         u221 06FA  
                       u205 06D0                         u310 0677                         u311 0676  
                       u240 070D                         u320 067E                         u241 070C  
                       u321 067D                         u170 06AF                         u235 0700  
                       u171 06AE                         u260 0728                         u261 0727  
                       u181 06B8                         u182 06BF                         _PR2 0092  
                       u255 070F                         u183 06C6                         u280 0746  
                       u281 0745                         u265 0724                         u337 069B  
                       u347 064E                         u275 0738                         u195 06C8  
                       u295 0641                        _main 0661                        btemp 007E  
                      start 0000  set_pwm_from_adc@max_counts 0037                       ?_main 0070  
           __end_of___lldiv 074F                       _T2CON 0012                       _PORTA 0005  
                     _TRISA 0085                       _TRISB 0086         ___lmul@multiplicand 0074  
                     btemp0 007E                       btemp1 007F                       status 0003  
                     wtemp0 007E             __initialization 07FC                __end_of_main 06A3  
                    ??_main 003C                      _ADCON0 001F                      _ADCON1 009F  
                    _ADRESH 001E                      _ADRESL 009E                      _CCPR1L 0015  
          __end_of_adc_init 0628            __end_of_adc_read 0661   set_pwm_from_adc@adc_value 002D  
                    ___lmul 06A3                   ??___lldiv 007D               main@pot_value 003E  
                    ltemp0a 0080            __end_of_pwm_init 0639                      ttemp0a 007F  
                    wtemp0a 007F     __end_of__initialization 07FC              __pcstackCOMMON 0070  
          _set_pwm_from_adc 074F                  __pmaintext 0661                     ?___lmul 0070  
                   _CCP1CON 0017              ___lmul@product 0079                   ?_adc_init 0070  
                 ?_adc_read 0070                     ___lldiv 06E9                   ?_pwm_init 0070  
                ??_adc_init 0070                  ??_adc_read 0072                     __ptext1 074F  
                   __ptext2 06A3                     __ptext3 06E9                     __ptext4 0628  
                   __ptext5 0639                     __ptext6 061F        end_of_initialization 07FC  
           ___lldiv@divisor 0020             ___lldiv@counter 002C                  ??_pwm_init 0070  
                 _PORTBbits 0006                   _TRISAbits 0085                   _TRISCbits 0087  
               _CCP1CONbits 0017    __end_of_set_pwm_from_adc 07FC              __end_of___lmul 06E9  
       start_initialization 07FC                    ??___lmul 0078             adc_read@channel 0074  
                 ___latbits 0002               __pcstackBANK0 0020     set_pwm_from_adc@percent 0039  
                  ?___lldiv 0020                  _ADCON0bits 001F           ___lmul@multiplier 0070  
         ?_set_pwm_from_adc 002D          ??_set_pwm_from_adc 002F                    _adc_init 061F  
                  _adc_read 0639        set_pwm_from_adc@temp 0033                    _pwm_init 0628  
          ___lldiv@dividend 0024          set_pwm_from_adc@dc 003A            ___lldiv@quotient 0028  
